Microchip MPLAB XC8 Compiler V2.36

Linker command line:

-W-3 --edf=D:\Program Files\Microchip\xc8\v2.36\pic\dat\en_msgs.txt -cn \
  -h+dist/default/production\Thesis_RFID.X.production.sym \
  --cmf=dist/default/production\Thesis_RFID.X.production.cmf -z -Q18F4550 \
  -oC:\Users\raule\AppData\Local\Temp\xcAs3eo.5 --defsym=__MPLAB_BUILD=1 \
  -Mdist/default/production/Thesis_RFID.X.production.map \
  --md=C:\Users\raule\AppData\Local\Temp\xcBs3eo.dat -E1 -ver=XC8 Compiler \
  --acfsm=1493 -ACODE=00h-07FFFh -ACONST=00h-07FFFh \
  -ASMALLCONST=0800h-08FFhx120 -AMEDIUMCONST=0800h-07FFFh -ACOMRAM=01h-05Fh \
  -AABS1=00h-07FFh -ABIGRAM=01h-07FFh -ARAM=060h-0FFh,0100h-01FFhx7 \
  -ABANK0=060h-0FFh -ABANK1=0100h-01FFh -ABANK2=0200h-02FFh \
  -ABANK3=0300h-03FFh -ABANK4=0400h-04FFh -ABANK5=0500h-05FFh \
  -ABANK6=0600h-06FFh -ABANK7=0700h-07FFh -ASFR=0F60h-0FFFh \
  -ABIGSFR=0F60h-0FFFh -ACONFIG=0300000h-030000Dh -AIDLOC=0200000h-0200007h \
  -AEEDATA=0F00000h-0F000FFh -peeprom_data=EEDATA \
  -preset_vec=00h,intcode,intcodelo,powerup,init -pramtop=0800h \
  -psmallconst=SMALLCONST -pmediumconst=MEDIUMCONST -pconst=CONST \
  -AFARRAM=00h-00h \
  -prdata=COMRAM,nvrram=COMRAM,nvbit=COMRAM,rbss=COMRAM,rbit=COMRAM \
  -pfarbss=FARRAM,fardata=FARRAM,nvFARRAM=FARRAM \
  -pintsave_regs=BIGRAM,bigbss=BIGRAM,bigdata=BIGRAM -pbss=RAM \
  -pidata=CODE,irdata=CODE,ibigdata=CODE,ifardata=CODE -prparam=COMRAM \
  C:\Users\raule\AppData\Local\Temp\xcAs3eo.o \
  dist/default/production\Thesis_RFID.X.production.o 

Object code version is 3.11

Machine type is 18F4550



                Name                               Link     Load   Length Selector   Space Scale
C:\Users\raule\AppData\Local\Temp\xcAs3eo.o
                idloc                            200000   200000        8        0       5
                config                           300000   300000        E        0       4
                init                                  0        0        4        0       0
dist/default/production\Thesis_RFID.X.production.o
                idloc                            200000   200000        8        0       5
                config                           300000   300000        E        0       4
                smallconst                          800      800       10      400       0
                text44                             1C60     1C60       A4      408       0
                text43                             2028     2028       58      408       0
                text42                             23AA     23AA       28      408       0
                text41                             2382     2382       28      408       0
                text40                             232C     232C       2C      408       0
                text39                             23F0     23F0       1E      408       0
                text38                             2292     2292       38      408       0
                text37                             20D2     20D2       4C      408       0
                text36                             17BC     17BC       EE      408       0
                text35                             1E3C     1E3C       6A      408       0
                text34                             1AF6     1AF6       B6      408       0
                text33                             1A3A     1A3A       BC      408       0
                text32                             1DA4     1DA4       98      408       0
                text31                             240E     240E       1A      408       0
                text30                             2428     2428       18      408       0
                text29                             1D04     1D04       A0      408       0
                text28                             102E     102E      28E      408       0
                text27                             1FD0     1FD0       58      408       0
                text26                             2462     2462        C      408       0
                text25                             2440     2440       12      408       0
                text24                             2358     2358       2A      408       0
                text23                             1F70     1F70       60      408       0
                text22                             1EA6     1EA6       68      408       0
                text21                             2452     2452       10      408       0
                text20                             1BAC     1BAC       B4      408       0
                text19                             23D2     23D2       1E      408       0
                text18                             246E     246E        6      408       0
                text17                             14D0     14D0      188      408       0
                text16                             1658     1658      164      408       0
                text15                             21A6     21A6       40      408       0
                text14                             2474     2474        2      408       0
                text13                             18AA     18AA       CA      408       0
                text12                             2162     2162       44      408       0
                text11                             22CA     22CA       36      408       0
                text10                             1974     1974       C6      408       0
                text9                               810      810      2E2      408       0
                text8                              21E6     21E6       3C      408       0
                text7                              225A     225A       38      408       0
                text6                              2222     2222       38      408       0
                text5                              211E     211E       44      408       0
                text4                               AF2      AF2      2A4      408       0
                text3                               D96      D96      298      408       0
                text2                              1F0E     1F0E       62      408       0
                text1                              2080     2080       52      408       0
                text0                              12BC     12BC      214      408       0
                cstackCOMRAM                          1        1       5E        1       1
                cstackBANK0                          BC       BC       1D       60       1
                dataBANK0                            DB       DB        1       60       1
                bssBANK0                             60       60       5C       60       1
                bitbssBANK0                         6D0       DA        1       60       1     8
                cinit                              2300     2300       2C      408       0
                nvBANK0                              D9       D9        1       60       1
                idataBANK0                         2476     2476        1      408       0

TOTAL           Name                               Link     Load   Length     Space
        CLASS   CODE           
                init                                  0        0        4         0
                text44                             1C60     1C60       A4         0
                text43                             2028     2028       58         0
                text42                             23AA     23AA       28         0
                text41                             2382     2382       28         0
                text40                             232C     232C       2C         0
                text39                             23F0     23F0       1E         0
                text38                             2292     2292       38         0
                text37                             20D2     20D2       4C         0
                text36                             17BC     17BC       EE         0
                text35                             1E3C     1E3C       6A         0
                text34                             1AF6     1AF6       B6         0
                text33                             1A3A     1A3A       BC         0
                text32                             1DA4     1DA4       98         0
                text31                             240E     240E       1A         0
                text30                             2428     2428       18         0
                text29                             1D04     1D04       A0         0
                text28                             102E     102E      28E         0
                text27                             1FD0     1FD0       58         0
                text26                             2462     2462        C         0
                text25                             2440     2440       12         0
                text24                             2358     2358       2A         0
                text23                             1F70     1F70       60         0
                text22                             1EA6     1EA6       68         0
                text21                             2452     2452       10         0
                text20                             1BAC     1BAC       B4         0
                text19                             23D2     23D2       1E         0
                text18                             246E     246E        6         0
                text17                             14D0     14D0      188         0
                text16                             1658     1658      164         0
                text15                             21A6     21A6       40         0
                text14                             2474     2474        2         0
                text13                             18AA     18AA       CA         0
                text12                             2162     2162       44         0
                text11                             22CA     22CA       36         0
                text10                             1974     1974       C6         0
                text9                               810      810      2E2         0
                text8                              21E6     21E6       3C         0
                text7                              225A     225A       38         0
                text6                              2222     2222       38         0
                text5                              211E     211E       44         0
                text4                               AF2      AF2      2A4         0
                text3                               D96      D96      298         0
                text2                              1F0E     1F0E       62         0
                text1                              2080     2080       52         0
                text0                              12BC     12BC      214         0
                cinit                              2300     2300       2C         0
                idataBANK0                         2476     2476        1         0

        CLASS   CONST          

        CLASS   SMALLCONST     
                smallconst                          800      800       10         0

        CLASS   MEDIUMCONST    

        CLASS   COMRAM         
                cstackCOMRAM                          1        1       5E         1

        CLASS   ABS1           

        CLASS   BIGRAM         

        CLASS   RAM            

        CLASS   BANK0          
                cstackBANK0                          BC       BC       1D         1
                dataBANK0                            DB       DB        1         1
                bssBANK0                             60       60       5C         1
                bitbssBANK0                         6D0       DA        1         1
                nvBANK0                              D9       D9        1         1

        CLASS   BANK1          

        CLASS   BANK2          

        CLASS   BANK3          

        CLASS   BANK4          

        CLASS   BANK5          

        CLASS   BANK6          

        CLASS   BANK7          

        CLASS   SFR            

        CLASS   BIGSFR         

        CLASS   CONFIG         
                config                           300000   300000        E         4

        CLASS   IDLOC          
                idloc                            200000   200000        8         5

        CLASS   EEDATA         

        CLASS   FARRAM         

        CLASS   HEAP           

        CLASS   STACK          



SEGMENTS        Name                           Load    Length   Top    Selector   Space  Class

                reset_vec                      000000  000004  000004         0       0  CODE    
                cstackCOMRAM                   000001  00005E  00005F         1       1  COMRAM  
                bssBANK0                       000060  00007C  0000DC        60       1  BANK0   
                smallconst                     000800  000010  000810       400       0  SMALLCON
                text9                          000810  001C67  002477       408       0  CODE    


UNUSED ADDRESS RANGES

        Name                Unused          Largest block    Delta
        BANK0            0000DC-0000FF               24
        BANK1            000100-0001FF              100
        BANK2            000200-0002FF              100
        BANK3            000300-0003FF              100
        BANK4            000400-0004FF              100
        BANK5            000500-0005FF              100
        BANK6            000600-0006FF              100
        BANK7            000700-0007FF              100
        BIGRAM           00005F-00005F                1
                         0000DC-0007FF              724
        BIGSFR           000F60-000FFF               A0
        CODE             000004-0007FF              7FC
                         002477-007FFF             5B89
        COMRAM           00005F-00005F                1
        CONST            000004-0007FF              7FC
                         002477-007FFF             5B89
        EEDATA           F00000-F000FF              100
        MEDIUMCONST      002477-007FFF             5B89
        RAM              0000DC-0007FF              100
        SFR              000F60-000FFF               A0
        SMALLCONST       002477-007FFF              100

                                  Symbol Table

?___aodiv                       cstackCOMRAM 000001
?___aomod                       cstackCOMRAM 000001
?___lldiv                       cstackCOMRAM 000001
?_abs                           cstackCOMRAM 000013
?_dtoa                          cstackCOMRAM 00001C
?_isalpha                       cstackCOMRAM 000001
?_islower                       cstackCOMRAM 000001
?_isupper                       cstackCOMRAM 000001
?_pad                           cstackCOMRAM 000011
?_sprintf                       cstackBANK0  0000C2
?_strlen                        cstackCOMRAM 000001
?_toupper                       cstackCOMRAM 000007
?_vfpfcnvrt                     cstackCOMRAM 000040
?_vfprintf                      cstackBANK0  0000BC
?_xtoa                          cstackCOMRAM 00001C
Expander_Write@value            cstackCOMRAM 000003
I2CLCD_Init@i2c_clk_freq        cstackCOMRAM 00000E
I2CLCD_Write@i2c_data           cstackCOMRAM 000002
LCD_Begin@_i2c_addr             cstackCOMRAM 000009
LCD_Cmd@Command                 cstackCOMRAM 000006
LCD_Goto@col                    cstackCOMRAM 00000A
LCD_Goto@row                    cstackCOMRAM 000007
LCD_Print@LCD_Str               cstackCOMRAM 000005
LCD_Print@i                     cstackCOMRAM 00000A
LCD_Write_Nibble@n              cstackCOMRAM 000004
MFRC522_AntiColl@_status        cstackCOMRAM 000026
MFRC522_AntiColl@i              cstackCOMRAM 000027
MFRC522_AntiColl@serNum         cstackCOMRAM 000020
MFRC522_AntiColl@serNumCheck    cstackCOMRAM 000023
MFRC522_AntiColl@unLen          cstackCOMRAM 000024
MFRC522_CRC@dataIn              cstackCOMRAM 00000D
MFRC522_CRC@dataOut             cstackCOMRAM 000010
MFRC522_CRC@i                   cstackCOMRAM 000013
MFRC522_CRC@length              cstackCOMRAM 00000F
MFRC522_CRC@n                   cstackCOMRAM 000012
MFRC522_Clear_Bit@addr          cstackCOMRAM 00000C
MFRC522_Clear_Bit@mask          cstackCOMRAM 00000A
MFRC522_Clear_Bit@tmp           cstackCOMRAM 00000B
MFRC522_Halt@buff               cstackCOMRAM 000020
MFRC522_Halt@unLen              cstackCOMRAM 000024
MFRC522_IsCard@TagType          cstackCOMRAM 000026
MFRC522_Rd@address              cstackCOMRAM 000003
MFRC522_Rd@i                    cstackCOMRAM 000008
MFRC522_Rd@ucAddr               cstackCOMRAM 000004
MFRC522_Rd@ucResult             cstackCOMRAM 000006
MFRC522_ReadCardSerial@str      cstackCOMRAM 000028
MFRC522_Request@TagType         cstackCOMRAM 000020
MFRC522_Request@_status         cstackCOMRAM 000023
MFRC522_Request@backBits        cstackCOMRAM 000024
MFRC522_Request@reqMode         cstackCOMRAM 000022
MFRC522_Set_Bit@addr            cstackCOMRAM 00000C
MFRC522_Set_Bit@mask            cstackCOMRAM 00000A
MFRC522_Set_Bit@tmp             cstackCOMRAM 00000B
MFRC522_ToCard@_status          cstackCOMRAM 000019
MFRC522_ToCard@backData         cstackCOMRAM 000010
MFRC522_ToCard@backLen          cstackCOMRAM 000012
MFRC522_ToCard@command          cstackCOMRAM 00001C
MFRC522_ToCard@i                cstackCOMRAM 00001D
MFRC522_ToCard@irqEn            cstackCOMRAM 00001B
MFRC522_ToCard@lastBits         cstackCOMRAM 00001A
MFRC522_ToCard@n                cstackCOMRAM 00001F
MFRC522_ToCard@sendData         cstackCOMRAM 00000D
MFRC522_ToCard@sendLen          cstackCOMRAM 00000F
MFRC522_ToCard@waitIRq          cstackCOMRAM 000018
MFRC522_Wr@address              cstackCOMRAM 000003
MFRC522_Wr@i                    cstackCOMRAM 000005
MFRC522_Wr@ucAddr               cstackCOMRAM 000004
MFRC522_Wr@value                cstackCOMRAM 000001
_ACKDT                          (abs)        007E2D
_ACKEN                          (abs)        007E2C
_Expander_Write                 text39       0023F0
_I2CLCD_Init                    text43       002028
_I2CLCD_Start                   text42       0023AA
_I2CLCD_Stop                    text41       002382
_I2CLCD_Write                   text40       00232C
_LATAbits                       (abs)        000F89
_LATB7                          (abs)        007C57
_LATDbits                       (abs)        000F8C
_LCD_Begin                      text36       0017BC
_LCD_Cmd                        text37       0020D2
_LCD_Goto                       text35       001E3C
_LCD_Print                      text34       001AF6
_LCD_Write_Nibble               text38       002292
_MFRC522_AntennaOff             text26       002462
_MFRC522_AntennaOn              text25       002440
_MFRC522_AntiColl               text20       001BAC
_MFRC522_CRC                    text29       001D04
_MFRC522_Clear_Bit              text31       00240E
_MFRC522_Halt                   text27       001FD0
_MFRC522_Init                   text23       001F70
_MFRC522_IsCard                 text21       002452
_MFRC522_Rd                     text33       001A3A
_MFRC522_ReadCardSerial         text19       0023D2
_MFRC522_Request                text22       001EA6
_MFRC522_Reset                  text24       002358
_MFRC522_Set_Bit                text30       002428
_MFRC522_ToCard                 text28       00102E
_MFRC522_Wr                     text32       001DA4
_PEN                            (abs)        007E2A
_PORTDbits                      (abs)        000F83
_RCEN                           (abs)        007E2B
_RS                             bitbssBANK0  0006D0
_RSEN                           (abs)        007E29
_SEN                            (abs)        007E28
_SSPADD                         (abs)        000FC8
_SSPBUF                         (abs)        000FC9
_SSPCON1                        (abs)        000FC6
_SSPCON2                        (abs)        000FC5
_SSPSTAT                        (abs)        000FC7
_TRISAbits                      (abs)        000F92
_TRISB7                         (abs)        007C9F
_TRISDbits                      (abs)        000F95
_TagType                        bssBANK0     0000BB
_UID                            bssBANK0     00009B
__HRAM                          (abs)        000000
__Habs1                         abs1         000000
__Hbank0                        bank0        000000
__Hbank1                        bank1        000000
__Hbank2                        bank2        000000
__Hbank3                        bank3        000000
__Hbank4                        bank4        000000
__Hbank5                        bank5        000000
__Hbank6                        bank6        000000
__Hbank7                        bank7        000000
__Hbigbss                       bigbss       000000
__Hbigdata                      bigdata      000000
__Hbigram                       bigram       000000
__Hbigsfr                       bigsfr       000000
__HbitbssBANK0                  bitbssBANK0  000000
__Hbss                          bss          000000
__HbssBANK0                     bssBANK0     000000
__Hcinit                        cinit        000000
__Hclrtext                      clrtext      000000
__Hcomram                       comram       000000
__Hconfig                       config       30000E
__Hconst                        const        000000
__HcstackBANK0                  cstackBANK0  000000
__HcstackCOMRAM                 cstackCOMRAM 000000
__Hdata                         data         000000
__HdataBANK0                    dataBANK0    000000
__Heeprom_data                  eeprom_data  000000
__Hfarbss                       farbss       000000
__Hfardata                      fardata      000000
__Hheap                         heap         000000
__Hibigdata                     ibigdata     000000
__Hidata                        idata        000000
__HidataBANK0                   idataBANK0   000000
__Hidloc                        idloc        200008
__Hifardata                     ifardata     000000
__Hinit                         init         000004
__Hintcode                      intcode      000000
__Hintcode_body                 intcode_body 000000
__Hintcodelo                    intcodelo    000000
__Hintentry                     intentry     000000
__Hintret                       intret       000000
__Hintsave_regs                 intsave_regs 000000
__Hirdata                       irdata       000000
__Hmediumconst                  mediumconst  000000
__HnvBANK0                      nvBANK0      000000
__HnvFARRAM                     nvFARRAM     000000
__Hnvbit                        nvbit        000000
__Hnvrram                       nvrram       000000
__Hparam                        rparam       000000
__Hpowerup                      powerup      000000
__Hram                          ram          000000
__Hramtop                       ramtop       000800
__Hrbit                         rbit         000000
__Hrbss                         rbss         000000
__Hrdata                        rdata        000000
__Hreset_vec                    reset_vec    000000
__Hrparam                       rparam       000000
__Hsfr                          sfr          000000
__Hsmallconst                   smallconst   000810
__Hspace_0                      (abs)        002477
__Hspace_1                      (abs)        0006D1
__Hspace_2                      (abs)        000000
__Hspace_4                      (abs)        60000E
__Hstack                        stack        000000
__Hstruct                       struct       000000
__Htemp                         temp         000000
__Htext                         text         000000
__Htext0                        text0        000000
__Htext1                        text1        000000
__Htext10                       text10       000000
__Htext11                       text11       000000
__Htext12                       text12       000000
__Htext13                       text13       000000
__Htext14                       text14       000000
__Htext15                       text15       000000
__Htext16                       text16       000000
__Htext17                       text17       000000
__Htext18                       text18       000000
__Htext19                       text19       000000
__Htext2                        text2        000000
__Htext20                       text20       000000
__Htext21                       text21       000000
__Htext22                       text22       000000
__Htext23                       text23       000000
__Htext24                       text24       000000
__Htext25                       text25       000000
__Htext26                       text26       000000
__Htext27                       text27       000000
__Htext28                       text28       000000
__Htext29                       text29       000000
__Htext3                        text3        000000
__Htext30                       text30       000000
__Htext31                       text31       000000
__Htext32                       text32       000000
__Htext33                       text33       000000
__Htext34                       text34       000000
__Htext35                       text35       000000
__Htext36                       text36       000000
__Htext37                       text37       000000
__Htext38                       text38       000000
__Htext39                       text39       000000
__Htext4                        text4        000000
__Htext40                       text40       000000
__Htext41                       text41       000000
__Htext42                       text42       000000
__Htext43                       text43       000000
__Htext44                       text44       000000
__Htext5                        text5        000000
__Htext6                        text6        000000
__Htext7                        text7        000000
__Htext8                        text8        000000
__Htext9                        text9        000000
__LRAM                          (abs)        000001
__Labs1                         abs1         000000
__Lbank0                        bank0        000000
__Lbank1                        bank1        000000
__Lbank2                        bank2        000000
__Lbank3                        bank3        000000
__Lbank4                        bank4        000000
__Lbank5                        bank5        000000
__Lbank6                        bank6        000000
__Lbank7                        bank7        000000
__Lbigbss                       bigbss       000000
__Lbigdata                      bigdata      000000
__Lbigram                       bigram       000000
__Lbigsfr                       bigsfr       000000
__LbitbssBANK0                  bitbssBANK0  000000
__Lbss                          bss          000000
__LbssBANK0                     bssBANK0     000000
__Lcinit                        cinit        000000
__Lclrtext                      clrtext      000000
__Lcomram                       comram       000000
__Lconfig                       config       000000
__Lconst                        const        000000
__LcstackBANK0                  cstackBANK0  000000
__LcstackCOMRAM                 cstackCOMRAM 000000
__Ldata                         data         000000
__LdataBANK0                    dataBANK0    000000
__Leeprom_data                  eeprom_data  000000
__Lfarbss                       farbss       000000
__Lfardata                      fardata      000000
__Lheap                         heap         000000
__Libigdata                     ibigdata     000000
__Lidata                        idata        000000
__LidataBANK0                   idataBANK0   000000
__Lidloc                        idloc        000000
__Lifardata                     ifardata     000000
__Linit                         init         000000
__Lintcode                      intcode      000000
__Lintcode_body                 intcode_body 000000
__Lintcodelo                    intcodelo    000000
__Lintentry                     intentry     000000
__Lintret                       intret       000000
__Lintsave_regs                 intsave_regs 000000
__Lirdata                       irdata       000000
__Lmediumconst                  mediumconst  000000
__LnvBANK0                      nvBANK0      000000
__LnvFARRAM                     nvFARRAM     000000
__Lnvbit                        nvbit        000000
__Lnvrram                       nvrram       000000
__Lparam                        rparam       000000
__Lpowerup                      powerup      000000
__Lram                          ram          000000
__Lramtop                       ramtop       000800
__Lrbit                         rbit         000000
__Lrbss                         rbss         000000
__Lrdata                        rdata        000000
__Lreset_vec                    reset_vec    000000
__Lrparam                       rparam       000000
__Lsfr                          sfr          000000
__Lsmallconst                   smallconst   000800
__Lspace_0                      (abs)        000000
__Lspace_1                      (abs)        000000
__Lspace_2                      (abs)        000000
__Lspace_4                      (abs)        000000
__Lstack                        stack        000000
__Lstruct                       struct       000000
__Ltemp                         temp         000000
__Ltext                         text         000000
__Ltext0                        text0        000000
__Ltext1                        text1        000000
__Ltext10                       text10       000000
__Ltext11                       text11       000000
__Ltext12                       text12       000000
__Ltext13                       text13       000000
__Ltext14                       text14       000000
__Ltext15                       text15       000000
__Ltext16                       text16       000000
__Ltext17                       text17       000000
__Ltext18                       text18       000000
__Ltext19                       text19       000000
__Ltext2                        text2        000000
__Ltext20                       text20       000000
__Ltext21                       text21       000000
__Ltext22                       text22       000000
__Ltext23                       text23       000000
__Ltext24                       text24       000000
__Ltext25                       text25       000000
__Ltext26                       text26       000000
__Ltext27                       text27       000000
__Ltext28                       text28       000000
__Ltext29                       text29       000000
__Ltext3                        text3        000000
__Ltext30                       text30       000000
__Ltext31                       text31       000000
__Ltext32                       text32       000000
__Ltext33                       text33       000000
__Ltext34                       text34       000000
__Ltext35                       text35       000000
__Ltext36                       text36       000000
__Ltext37                       text37       000000
__Ltext38                       text38       000000
__Ltext39                       text39       000000
__Ltext4                        text4        000000
__Ltext40                       text40       000000
__Ltext41                       text41       000000
__Ltext42                       text42       000000
__Ltext43                       text43       000000
__Ltext44                       text44       000000
__Ltext5                        text5        000000
__Ltext6                        text6        000000
__Ltext7                        text7        000000
__Ltext8                        text8        000000
__Ltext9                        text9        000000
__S0                            (abs)        002477
__S1                            (abs)        0000DC
__S4                            (abs)        000000
__S5                            (abs)        000000
___aodiv                        text17       0014D0
___aodiv@counter                cstackCOMRAM 000011
___aodiv@dividend               cstackCOMRAM 000001
___aodiv@divisor                cstackCOMRAM 000009
___aodiv@quotient               cstackCOMRAM 000013
___aodiv@sign                   cstackCOMRAM 000012
___aomod                        text16       001658
___aomod@counter                cstackCOMRAM 000011
___aomod@dividend               cstackCOMRAM 000001
___aomod@divisor                cstackCOMRAM 000009
___aomod@sign                   cstackCOMRAM 000012
___heap_hi                      (abs)        000000
___heap_lo                      (abs)        000000
___inthi_sp                     stack        000000
___intlo_sp                     stack        000000
___lldiv                        text44       001C60
___lldiv@counter                cstackCOMRAM 00000D
___lldiv@dividend               cstackCOMRAM 000001
___lldiv@divisor                cstackCOMRAM 000005
___lldiv@quotient               cstackCOMRAM 000009
___param_bank                   (abs)        000000
___rparam_used                  (abs)        000001
___sp                           stack        000000
__accesstop                     (abs)        000060
__activetblptr                  (abs)        000002
__end_of_Expander_Write         text39       00240E
__end_of_I2CLCD_Init            text43       002080
__end_of_I2CLCD_Start           text42       0023D2
__end_of_I2CLCD_Stop            text41       0023AA
__end_of_I2CLCD_Write           text40       002358
__end_of_LCD_Begin              text36       0018AA
__end_of_LCD_Cmd                text37       00211E
__end_of_LCD_Goto               text35       001EA6
__end_of_LCD_Print              text34       001BAC
__end_of_LCD_Write_Nibble       text38       0022CA
__end_of_MFRC522_AntennaOff     text26       00246E
__end_of_MFRC522_AntennaOn      text25       002452
__end_of_MFRC522_AntiColl       text20       001C60
__end_of_MFRC522_CRC            text29       001DA4
__end_of_MFRC522_Clear_Bit      text31       002428
__end_of_MFRC522_Halt           text27       002028
__end_of_MFRC522_Init           text23       001FD0
__end_of_MFRC522_IsCard         text21       002462
__end_of_MFRC522_Rd             text33       001AF6
__end_of_MFRC522_ReadCardSerial text19       0023F0
__end_of_MFRC522_Request        text22       001F0E
__end_of_MFRC522_Reset          text24       002382
__end_of_MFRC522_Set_Bit        text30       002440
__end_of_MFRC522_ToCard         text28       0012BC
__end_of_MFRC522_Wr             text32       001E3C
__end_of___aodiv                text17       001658
__end_of___aomod                text16       0017BC
__end_of___lldiv                text44       001D04
__end_of__initialization        cinit        002322
__end_of_abs                    text15       0021E6
__end_of_dtoa                   text9        000AF2
__end_of_fputc                  text13       001974
__end_of_fputs                  text12       0021A6
__end_of_isalpha                text8        002222
__end_of_islower                text6        00225A
__end_of_isupper                text7        002292
__end_of_main                   text0        0014D0
__end_of_pad                    text10       001A3A
__end_of_port_Init              text18       002474
__end_of_putch                  text14       002476
__end_of_sprintf                text1        0020D2
__end_of_strlen                 text11       002300
__end_of_toupper                text5        002162
__end_of_vfpfcnvrt              text3        00102E
__end_of_vfprintf               text2        001F70
__end_of_xtoa                   text4        000D96
__initialization                cinit        002300
__mediumconst                   mediumconst  000000
__pbitbssBANK0                  bitbssBANK0  0006D0
__pbssBANK0                     bssBANK0     000060
__pcinit                        cinit        002300
__pcstackBANK0                  cstackBANK0  0000BC
__pcstackCOMRAM                 cstackCOMRAM 000001
__pdataBANK0                    dataBANK0    0000DB
__pidataBANK0                   idataBANK0   002476
__pnvBANK0                      nvBANK0      0000D9
__psmallconst                   smallconst   000800
__ptext0                        text0        0012BC
__ptext1                        text1        002080
__ptext10                       text10       001974
__ptext11                       text11       0022CA
__ptext12                       text12       002162
__ptext13                       text13       0018AA
__ptext14                       text14       002474
__ptext15                       text15       0021A6
__ptext16                       text16       001658
__ptext17                       text17       0014D0
__ptext18                       text18       00246E
__ptext19                       text19       0023D2
__ptext2                        text2        001F0E
__ptext20                       text20       001BAC
__ptext21                       text21       002452
__ptext22                       text22       001EA6
__ptext23                       text23       001F70
__ptext24                       text24       002358
__ptext25                       text25       002440
__ptext26                       text26       002462
__ptext27                       text27       001FD0
__ptext28                       text28       00102E
__ptext29                       text29       001D04
__ptext3                        text3        000D96
__ptext30                       text30       002428
__ptext31                       text31       00240E
__ptext32                       text32       001DA4
__ptext33                       text33       001A3A
__ptext34                       text34       001AF6
__ptext35                       text35       001E3C
__ptext36                       text36       0017BC
__ptext37                       text37       0020D2
__ptext38                       text38       002292
__ptext39                       text39       0023F0
__ptext4                        text4        000AF2
__ptext40                       text40       00232C
__ptext41                       text41       002382
__ptext42                       text42       0023AA
__ptext43                       text43       002028
__ptext44                       text44       001C60
__ptext5                        text5        00211E
__ptext6                        text6        002222
__ptext7                        text7        00225A
__ptext8                        text8        0021E6
__ptext9                        text9        000810
__ramtop                        ramtop       000800
__smallconst                    smallconst   000800
_abs                            text15       0021A6
_backlight_val                  dataBANK0    0000DB
_data_buffer                    bssBANK0     0000AB
_dbuf                           bssBANK0     00006B
_dtoa                           text9        000810
_dtoa$1015                      cstackCOMRAM 00002E
_flags                          bssBANK0     000066
_fputc                          text13       0018AA
_fputs                          text12       002162
_i2c_addr                       nvBANK0      0000D9
_isalpha                        text8        0021E6
_islower                        text6        002222
_isupper                        text7        00225A
_led                            bssBANK0     000068
_main                           text0        0012BC
_main$1375                      cstackBANK0  0000D5
_nout                           bssBANK0     000060
_pad                            text10       001974
_port_Init                      text18       00246E
_prec                           bssBANK0     000064
_putch                          text14       002474
_sprintf                        text1        002080
_status                         bssBANK0     00006A
_strlen                         text11       0022CA
_temp                           bssBANK0     00008B
_toupper                        text5        00211E
_vfpfcnvrt                      text3        000D96
_vfprintf                       text2        001F0E
_width                          bssBANK0     000062
_xtoa                           text4        000AF2
abs@a                           cstackCOMRAM 000013
dtoa@d                          cstackCOMRAM 00001E
dtoa@fp                         cstackCOMRAM 00001C
dtoa@i                          cstackCOMRAM 00003E
dtoa@n                          cstackCOMRAM 000036
dtoa@p                          cstackCOMRAM 000030
dtoa@s                          cstackCOMRAM 000034
dtoa@w                          cstackCOMRAM 000032
end_of_initialization           cinit        002322
fputc@c                         cstackCOMRAM 000001
fputc@fp                        cstackCOMRAM 000003
fputs@c                         cstackCOMRAM 00000E
fputs@fp                        cstackCOMRAM 00000C
fputs@i                         cstackCOMRAM 00000F
fputs@s                         cstackCOMRAM 00000A
intlevel0                       text         000000
intlevel1                       text         000000
intlevel2                       text         000000
intlevel3                       text         000000
isa$std                         (abs)        000001
isa$xinst                       (abs)        000000
isalpha@c                       cstackCOMRAM 000001
islower@c                       cstackCOMRAM 000001
isupper@c                       cstackCOMRAM 000001
main@i                          cstackBANK0  0000D7
pad@buf                         cstackCOMRAM 000013
pad@fp                          cstackCOMRAM 000011
pad@i                           cstackCOMRAM 000018
pad@p                           cstackCOMRAM 000015
pad@w                           cstackCOMRAM 00001A
sprintf@ap                      cstackBANK0  0000C8
sprintf@f                       cstackBANK0  0000CA
sprintf@fmt                     cstackBANK0  0000C4
sprintf@s                       cstackBANK0  0000C2
stackhi                         (abs)        000000
stacklo                         (abs)        000000
start                           init         000000
start_initialization            cinit        002300
strlen@a                        cstackCOMRAM 000003
strlen@s                        cstackCOMRAM 000001
toupper@c                       cstackCOMRAM 000007
vfpfcnvrt@ap                    cstackCOMRAM 000044
vfpfcnvrt@c                     cstackCOMRAM 00005A
vfpfcnvrt@fmt                   cstackCOMRAM 000042
vfpfcnvrt@fp                    cstackCOMRAM 000040
vfpfcnvrt@ll                    cstackCOMRAM 00004A
vfpfcnvrt@llu                   cstackCOMRAM 000052
vfprintf@ap                     cstackBANK0  0000C0
vfprintf@cfmt                   cstackCOMRAM 00005B
vfprintf@fmt                    cstackBANK0  0000BE
vfprintf@fp                     cstackBANK0  0000BC
xtoa@c                          cstackCOMRAM 00003D
xtoa@d                          cstackCOMRAM 00001E
xtoa@fp                         cstackCOMRAM 00001C
xtoa@i                          cstackCOMRAM 00003B
xtoa@n                          cstackCOMRAM 000033
xtoa@p                          cstackCOMRAM 00002F
xtoa@w                          cstackCOMRAM 000031
xtoa@x                          cstackCOMRAM 000026


MODULE INFORMATION

Module		Function		Class		Link	Load	Size
D:\Program Files\Microchip\xc8\v2.36\pic\sources\c99\common\strlen.c
		_strlen        		CODE           	22CA	0000	54

D:\Program Files\Microchip\xc8\v2.36\pic\sources\c99\common\strlen.c estimated size: 54

D:\Program Files\Microchip\xc8\v2.36\pic\sources\c99\common\islower.c
		_islower       		CODE           	2222	0000	56

D:\Program Files\Microchip\xc8\v2.36\pic\sources\c99\common\islower.c estimated size: 56

D:\Program Files\Microchip\xc8\v2.36\pic\sources\c99\common\nf_fputc.c
		_fputc         		CODE           	18AA	0000	202

D:\Program Files\Microchip\xc8\v2.36\pic\sources\c99\common\nf_fputc.c estimated size: 202

D:\Program Files\Microchip\xc8\v2.36\pic\sources\c99\common\toupper.c
		_toupper       		CODE           	211E	0000	68

D:\Program Files\Microchip\xc8\v2.36\pic\sources\c99\common\toupper.c estimated size: 68

D:\Program Files\Microchip\xc8\v2.36\pic\sources\c99\common\isalpha.c
		_isalpha       		CODE           	21E6	0000	60

D:\Program Files\Microchip\xc8\v2.36\pic\sources\c99\common\isalpha.c estimated size: 60

D:\Program Files\Microchip\xc8\v2.36\pic\sources\c99\common\putch.c
		_putch         		CODE           	2474	0000	2

D:\Program Files\Microchip\xc8\v2.36\pic\sources\c99\common\putch.c estimated size: 2

D:\Program Files\Microchip\xc8\v2.36\pic\sources\c99\common\abs.c
		_abs           		CODE           	21A6	0000	64

D:\Program Files\Microchip\xc8\v2.36\pic\sources\c99\common\abs.c estimated size: 64

D:\Program Files\Microchip\xc8\v2.36\pic\sources\c99\common\doprnt.c
		_vfpfcnvrt     		CODE           	0D96	0000	664
		_pad           		CODE           	1974	0000	198
		_dtoa          		CODE           	0810	0000	738
		_vfprintf      		CODE           	1F0E	0000	98
		_xtoa          		CODE           	0AF2	0000	676

D:\Program Files\Microchip\xc8\v2.36\pic\sources\c99\common\doprnt.c estimated size: 2374

D:\Program Files\Microchip\xc8\v2.36\pic\sources\c99\common\aomod.c
		___aomod       		CODE           	1658	0000	356

D:\Program Files\Microchip\xc8\v2.36\pic\sources\c99\common\aomod.c estimated size: 356

I2C.c
		_LCD_Cmd       		CODE           	20D2	0000	76
		_LCD_Begin     		CODE           	17BC	0000	238
		_LCD_Goto      		CODE           	1E3C	0000	106
		_Expander_Write		CODE           	23F0	0000	30
		_LCD_Print     		CODE           	1AF6	0000	182
		_I2CLCD_Init   		CODE           	2028	0000	88
		_I2CLCD_Stop   		CODE           	2382	0000	40
		_I2CLCD_Write  		CODE           	232C	0000	44
		_I2CLCD_Start  		CODE           	23AA	0000	40
		_LCD_Write_Nibble		CODE           	2292	0000	56

I2C.c estimated size: 900

rc522.c
		_MFRC522_Request		CODE           	1EA6	0000	104
		_MFRC522_ReadCardSerial		CODE           	23D2	0000	30
		_MFRC522_Rd    		CODE           	1A3A	0000	188
		_MFRC522_Wr    		CODE           	1DA4	0000	152
		_MFRC522_CRC   		CODE           	1D04	0000	160
		_MFRC522_Halt  		CODE           	1FD0	0000	88
		_MFRC522_Init  		CODE           	1F70	0000	96
		_MFRC522_AntiColl		CODE           	1BAC	0000	180
		_MFRC522_Reset 		CODE           	2358	0000	42
		_MFRC522_AntennaOn		CODE           	2440	0000	18
		_MFRC522_Clear_Bit		CODE           	240E	0000	26
		_MFRC522_AntennaOff		CODE           	2462	0000	12
		_MFRC522_IsCard		CODE           	2452	0000	16
		_MFRC522_ToCard		CODE           	102E	0000	654
		_MFRC522_Set_Bit		CODE           	2428	0000	24

rc522.c estimated size: 1790

D:\Program Files\Microchip\xc8\v2.36\pic\sources\c99\common\__lldiv.c
		___lldiv       		CODE           	1C60	0000	164

D:\Program Files\Microchip\xc8\v2.36\pic\sources\c99\common\__lldiv.c estimated size: 164

shared
		__initialization		CODE           	2300	0000	34

shared estimated size: 34

D:\Program Files\Microchip\xc8\v2.36\pic\sources\c99\common\aodiv.c
		___aodiv       		CODE           	14D0	0000	392

D:\Program Files\Microchip\xc8\v2.36\pic\sources\c99\common\aodiv.c estimated size: 392

D:\Program Files\Microchip\xc8\v2.36\pic\sources\c99\common\nf_fputs.c
		_fputs         		CODE           	2162	0000	68

D:\Program Files\Microchip\xc8\v2.36\pic\sources\c99\common\nf_fputs.c estimated size: 68

main.c
		_main          		CODE           	12BC	0000	532
		_port_Init     		CODE           	246E	0000	6

main.c estimated size: 538

D:\Program Files\Microchip\xc8\v2.36\pic\sources\c99\common\nf_sprintf.c
		_sprintf       		CODE           	2080	0000	82

D:\Program Files\Microchip\xc8\v2.36\pic\sources\c99\common\nf_sprintf.c estimated size: 82

D:\Program Files\Microchip\xc8\v2.36\pic\sources\c99\common\isupper.c
		_isupper       		CODE           	225A	0000	56

D:\Program Files\Microchip\xc8\v2.36\pic\sources\c99\common\isupper.c estimated size: 56

