Microchip MPLAB XC8 Compiler V2.36

Linker command line:

-W-3 --edf=D:\Program Files\Microchip\xc8\v2.36\pic\dat\en_msgs.txt -cn \
  -h+dist/default/production\Thesis_RFID.X.production.sym \
  --cmf=dist/default/production\Thesis_RFID.X.production.cmf -z -Q18F4550 \
  -oC:\Users\raule\AppData\Local\Temp\xcAsmlc.4 --defsym=__MPLAB_BUILD=1 \
  -Mdist/default/production/Thesis_RFID.X.production.map \
  --md=C:\Users\raule\AppData\Local\Temp\xcAsmlc.dat -E1 -ver=XC8 Compiler \
  --acfsm=1493 -ACODE=00h-07FFFh -ACONST=00h-07FFFh \
  -ASMALLCONST=0800h-08FFhx120 -AMEDIUMCONST=0800h-07FFFh -ACOMRAM=01h-05Fh \
  -AABS1=00h-07FFh -ABIGRAM=01h-07FFh -ARAM=060h-0FFh,0100h-01FFhx7 \
  -ABANK0=060h-0FFh -ABANK1=0100h-01FFh -ABANK2=0200h-02FFh \
  -ABANK3=0300h-03FFh -ABANK4=0400h-04FFh -ABANK5=0500h-05FFh \
  -ABANK6=0600h-06FFh -ABANK7=0700h-07FFh -ASFR=0F60h-0FFFh \
  -ABIGSFR=0F60h-0FFFh -ACONFIG=0300000h-030000Dh -AIDLOC=0200000h-0200007h \
  -AEEDATA=0F00000h-0F000FFh -peeprom_data=EEDATA \
  -preset_vec=00h,intcode,intcodelo,powerup,init -pramtop=0800h \
  -psmallconst=SMALLCONST -pmediumconst=MEDIUMCONST -pconst=CONST \
  -AFARRAM=00h-00h \
  -prdata=COMRAM,nvrram=COMRAM,nvbit=COMRAM,rbss=COMRAM,rbit=COMRAM \
  -pfarbss=FARRAM,fardata=FARRAM,nvFARRAM=FARRAM \
  -pintsave_regs=BIGRAM,bigbss=BIGRAM,bigdata=BIGRAM -pbss=RAM \
  -pidata=CODE,irdata=CODE,ibigdata=CODE,ifardata=CODE -prparam=COMRAM \
  C:\Users\raule\AppData\Local\Temp\xcAsmlc.o \
  dist/default/production\Thesis_RFID.X.production.o 

Object code version is 3.11

Machine type is 18F4550



                Name                               Link     Load   Length Selector   Space Scale
C:\Users\raule\AppData\Local\Temp\xcAsmlc.o
                idloc                            200000   200000        8        0       5
                config                           300000   300000        E        0       4
                init                                  0        0        4        0       0
dist/default/production\Thesis_RFID.X.production.o
                idloc                            200000   200000        8        0       5
                config                           300000   300000        E        0       4
                smallconst                          800      800       12      400       0
                text40                             14FE     14FE       A4      409       0
                text39                             18BE     18BE       58      409       0
                text38                             1C60     1C60       28      409       0
                text37                             1C38     1C38       28      409       0
                text36                             1BBA     1BBA       2C      409       0
                text35                             1C88     1C88       1E      409       0
                text34                             1B20     1B20       38      409       0
                text33                             1968     1968       4C      409       0
                text32                             105E     105E       EE      409       0
                text31                             16D6     16D6       6A      409       0
                text30                             1394     1394       B6      409       0
                text29                             12DC     12DC       B8      409       0
                text28                             1642     1642       94      409       0
                text27                             1CA6     1CA6       1A      409       0
                text26                             1CC0     1CC0       18      409       0
                text25                             15A2     15A2       A0      409       0
                text24                              AB6      AB6      28E      409       0
                text23                             1866     1866       58      409       0
                text22                             1CEA     1CEA        C      409       0
                text21                             1CD8     1CD8       12      409       0
                text20                             1BE6     1BE6       2A      409       0
                text19                             180A     180A       5C      409       0
                text18                             1740     1740       68      409       0
                text17                             1C10     1C10       28      409       0
                text16                             144A     144A       B4      409       0
                text15                             1AE8     1AE8       38      409       0
                text14                             1CF6     1CF6        6      409       0
                text13                             1A3C     1A3C       3C      409       0
                text12                             1AB0     1AB0       38      409       0
                text11                             1CFC     1CFC        2      409       0
                text10                             114C     114C       CA      409       0
                text9                              19F8     19F8       44      409       0
                text8                              1B58     1B58       36      409       0
                text7                              1216     1216       C6      409       0
                text6                              1A78     1A78       38      409       0
                text5                              19B4     19B4       44      409       0
                text4                               812      812      2A4      409       0
                text3                               D44      D44      1D0      409       0
                text2                              17A8     17A8       62      409       0
                text1                              1916     1916       52      409       0
                text0                               F14      F14      14A      409       0
                cstackCOMRAM                          1        1       5F        1       1
                cstackBANK0                          AB       AB       10       60       1
                dataBANK0                            BD       BD        1       60       1
                bssBANK0                             60       60       4B       60       1
                bitbssBANK0                         5E0       BC        1       60       1     8
                cinit                              1B8E     1B8E       2C      409       0
                nvBANK0                              BB       BB        1       60       1
                idataBANK0                         1CFE     1CFE        1      409       0

TOTAL           Name                               Link     Load   Length     Space
        CLASS   CODE           
                init                                  0        0        4         0
                text40                             14FE     14FE       A4         0
                text39                             18BE     18BE       58         0
                text38                             1C60     1C60       28         0
                text37                             1C38     1C38       28         0
                text36                             1BBA     1BBA       2C         0
                text35                             1C88     1C88       1E         0
                text34                             1B20     1B20       38         0
                text33                             1968     1968       4C         0
                text32                             105E     105E       EE         0
                text31                             16D6     16D6       6A         0
                text30                             1394     1394       B6         0
                text29                             12DC     12DC       B8         0
                text28                             1642     1642       94         0
                text27                             1CA6     1CA6       1A         0
                text26                             1CC0     1CC0       18         0
                text25                             15A2     15A2       A0         0
                text24                              AB6      AB6      28E         0
                text23                             1866     1866       58         0
                text22                             1CEA     1CEA        C         0
                text21                             1CD8     1CD8       12         0
                text20                             1BE6     1BE6       2A         0
                text19                             180A     180A       5C         0
                text18                             1740     1740       68         0
                text17                             1C10     1C10       28         0
                text16                             144A     144A       B4         0
                text15                             1AE8     1AE8       38         0
                text14                             1CF6     1CF6        6         0
                text13                             1A3C     1A3C       3C         0
                text12                             1AB0     1AB0       38         0
                text11                             1CFC     1CFC        2         0
                text10                             114C     114C       CA         0
                text9                              19F8     19F8       44         0
                text8                              1B58     1B58       36         0
                text7                              1216     1216       C6         0
                text6                              1A78     1A78       38         0
                text5                              19B4     19B4       44         0
                text4                               812      812      2A4         0
                text3                               D44      D44      1D0         0
                text2                              17A8     17A8       62         0
                text1                              1916     1916       52         0
                text0                               F14      F14      14A         0
                cinit                              1B8E     1B8E       2C         0
                idataBANK0                         1CFE     1CFE        1         0

        CLASS   CONST          

        CLASS   SMALLCONST     
                smallconst                          800      800       12         0

        CLASS   MEDIUMCONST    

        CLASS   COMRAM         
                cstackCOMRAM                          1        1       5F         1

        CLASS   ABS1           

        CLASS   BIGRAM         

        CLASS   RAM            

        CLASS   BANK0          
                cstackBANK0                          AB       AB       10         1
                dataBANK0                            BD       BD        1         1
                bssBANK0                             60       60       4B         1
                bitbssBANK0                         5E0       BC        1         1
                nvBANK0                              BB       BB        1         1

        CLASS   BANK1          

        CLASS   BANK2          

        CLASS   BANK3          

        CLASS   BANK4          

        CLASS   BANK5          

        CLASS   BANK6          

        CLASS   BANK7          

        CLASS   SFR            

        CLASS   BIGSFR         

        CLASS   CONFIG         
                config                           300000   300000        E         4

        CLASS   IDLOC          
                idloc                            200000   200000        8         5

        CLASS   EEDATA         

        CLASS   FARRAM         

        CLASS   HEAP           

        CLASS   STACK          



SEGMENTS        Name                           Load    Length   Top    Selector   Space  Class

                reset_vec                      000000  000004  000004         0       0  CODE    
                cstackCOMRAM                   000001  00005F  000060         1       1  COMRAM  
                bssBANK0                       000060  00005E  0000BE        60       1  BANK0   
                smallconst                     000800  000012  000812       400       0  SMALLCON
                text4                          000812  0014ED  001CFF       409       0  CODE    


UNUSED ADDRESS RANGES

        Name                Unused          Largest block    Delta
        BANK0            0000BE-0000FF               42
        BANK1            000100-0001FF              100
        BANK2            000200-0002FF              100
        BANK3            000300-0003FF              100
        BANK4            000400-0004FF              100
        BANK5            000500-0005FF              100
        BANK6            000600-0006FF              100
        BANK7            000700-0007FF              100
        BIGRAM           0000BE-0007FF              742
        BIGSFR           000F60-000FFF               A0
        CODE             000004-0007FF              7FC
                         001CFF-007FFF             6301
        CONST            000004-0007FF              7FC
                         001CFF-007FFF             6301
        EEDATA           F00000-F000FF              100
        MEDIUMCONST      001CFF-007FFF             6301
        RAM              0000BE-0007FF              100
        SFR              000F60-000FFF               A0
        SMALLCONST       001CFF-007FFF              100

                                  Symbol Table

?___lldiv                       cstackCOMRAM 000001
?_isalpha                       cstackCOMRAM 000001
?_islower                       cstackCOMRAM 000001
?_isupper                       cstackCOMRAM 000001
?_pad                           cstackCOMRAM 000011
?_sprintf                       cstackCOMRAM 00005A
?_strlen                        cstackCOMRAM 000001
?_toupper                       cstackCOMRAM 000007
?_vfpfcnvrt                     cstackCOMRAM 00003F
?_vfprintf                      cstackCOMRAM 000052
?_xtoa                          cstackCOMRAM 00001C
Expander_Write@value            cstackCOMRAM 000003
I2CLCD_Init@i2c_clk_freq        cstackCOMRAM 00000E
I2CLCD_Write@i2c_data           cstackCOMRAM 000002
LCD_Begin@_i2c_addr             cstackCOMRAM 000009
LCD_Cmd@Command                 cstackCOMRAM 000006
LCD_Goto@col                    cstackCOMRAM 00000A
LCD_Goto@row                    cstackCOMRAM 000007
LCD_Print@LCD_Str               cstackCOMRAM 000005
LCD_Print@i                     cstackCOMRAM 00000A
LCD_Write_Nibble@n              cstackCOMRAM 000004
MFRC522_AntiColl@_status        cstackCOMRAM 000026
MFRC522_AntiColl@i              cstackCOMRAM 000027
MFRC522_AntiColl@serNum         cstackCOMRAM 000020
MFRC522_AntiColl@serNumCheck    cstackCOMRAM 000023
MFRC522_AntiColl@unLen          cstackCOMRAM 000024
MFRC522_CRC@dataIn              cstackCOMRAM 00000D
MFRC522_CRC@dataOut             cstackCOMRAM 000010
MFRC522_CRC@i                   cstackCOMRAM 000013
MFRC522_CRC@length              cstackCOMRAM 00000F
MFRC522_CRC@n                   cstackCOMRAM 000012
MFRC522_Clear_Bit@addr          cstackCOMRAM 00000C
MFRC522_Clear_Bit@mask          cstackCOMRAM 00000A
MFRC522_Clear_Bit@tmp           cstackCOMRAM 00000B
MFRC522_Halt@buff               cstackCOMRAM 000020
MFRC522_Halt@unLen              cstackCOMRAM 000024
MFRC522_IsCard@TagType          cstackCOMRAM 000026
MFRC522_Rd@address              cstackCOMRAM 000003
MFRC522_Rd@i                    cstackCOMRAM 000008
MFRC522_Rd@ucAddr               cstackCOMRAM 000004
MFRC522_Rd@ucResult             cstackCOMRAM 000006
MFRC522_ReadCardSerial@_status  cstackCOMRAM 00002A
MFRC522_ReadCardSerial@str      cstackCOMRAM 000028
MFRC522_Request@TagType         cstackCOMRAM 000020
MFRC522_Request@_status         cstackCOMRAM 000023
MFRC522_Request@backBits        cstackCOMRAM 000024
MFRC522_Request@reqMode         cstackCOMRAM 000022
MFRC522_Set_Bit@addr            cstackCOMRAM 00000C
MFRC522_Set_Bit@mask            cstackCOMRAM 00000A
MFRC522_Set_Bit@tmp             cstackCOMRAM 00000B
MFRC522_ToCard@_status          cstackCOMRAM 000019
MFRC522_ToCard@backData         cstackCOMRAM 000010
MFRC522_ToCard@backLen          cstackCOMRAM 000012
MFRC522_ToCard@command          cstackCOMRAM 00001C
MFRC522_ToCard@i                cstackCOMRAM 00001D
MFRC522_ToCard@irqEn            cstackCOMRAM 00001B
MFRC522_ToCard@lastBits         cstackCOMRAM 00001A
MFRC522_ToCard@n                cstackCOMRAM 00001F
MFRC522_ToCard@sendData         cstackCOMRAM 00000D
MFRC522_ToCard@sendLen          cstackCOMRAM 00000F
MFRC522_ToCard@waitIRq          cstackCOMRAM 000018
MFRC522_Wr@address              cstackCOMRAM 000003
MFRC522_Wr@i                    cstackCOMRAM 000005
MFRC522_Wr@ucAddr               cstackCOMRAM 000004
MFRC522_Wr@value                cstackCOMRAM 000001
_ACKDT                          (abs)        007E2D
_ACKEN                          (abs)        007E2C
_Expander_Write                 text35       001C88
_I2CLCD_Init                    text39       0018BE
_I2CLCD_Start                   text38       001C60
_I2CLCD_Stop                    text37       001C38
_I2CLCD_Write                   text36       001BBA
_LATB7                          (abs)        007C57
_LATDbits                       (abs)        000F8C
_LCD_Begin                      text32       00105E
_LCD_Cmd                        text33       001968
_LCD_Goto                       text31       0016D6
_LCD_Print                      text30       001394
_LCD_Write_Nibble               text34       001B20
_MFRC522_AntennaOff             text22       001CEA
_MFRC522_AntennaOn              text21       001CD8
_MFRC522_AntiColl               text16       00144A
_MFRC522_CRC                    text25       0015A2
_MFRC522_Clear_Bit              text27       001CA6
_MFRC522_Halt                   text23       001866
_MFRC522_Init                   text19       00180A
_MFRC522_IsCard                 text17       001C10
_MFRC522_Rd                     text29       0012DC
_MFRC522_ReadCardSerial         text15       001AE8
_MFRC522_Request                text18       001740
_MFRC522_Reset                  text20       001BE6
_MFRC522_Set_Bit                text26       001CC0
_MFRC522_ToCard                 text24       000AB6
_MFRC522_Wr                     text28       001642
_PEN                            (abs)        007E2A
_PORTDbits                      (abs)        000F83
_RCEN                           (abs)        007E2B
_RS                             bitbssBANK0  0005E0
_RSEN                           (abs)        007E29
_SEN                            (abs)        007E28
_SSPADD                         (abs)        000FC8
_SSPBUF                         (abs)        000FC9
_SSPCON1                        (abs)        000FC6
_SSPCON2                        (abs)        000FC5
_SSPSTAT                        (abs)        000FC7
_TRISB7                         (abs)        007C9F
_TRISDbits                      (abs)        000F95
_TagType                        bssBANK0     0000AA
_UID                            bssBANK0     00008A
__HRAM                          (abs)        000000
__Habs1                         abs1         000000
__Hbank0                        bank0        000000
__Hbank1                        bank1        000000
__Hbank2                        bank2        000000
__Hbank3                        bank3        000000
__Hbank4                        bank4        000000
__Hbank5                        bank5        000000
__Hbank6                        bank6        000000
__Hbank7                        bank7        000000
__Hbigbss                       bigbss       000000
__Hbigdata                      bigdata      000000
__Hbigram                       bigram       000000
__Hbigsfr                       bigsfr       000000
__HbitbssBANK0                  bitbssBANK0  000000
__Hbss                          bss          000000
__HbssBANK0                     bssBANK0     000000
__Hcinit                        cinit        000000
__Hclrtext                      clrtext      000000
__Hcomram                       comram       000000
__Hconfig                       config       30000E
__Hconst                        const        000000
__HcstackBANK0                  cstackBANK0  000000
__HcstackCOMRAM                 cstackCOMRAM 000000
__Hdata                         data         000000
__HdataBANK0                    dataBANK0    000000
__Heeprom_data                  eeprom_data  000000
__Hfarbss                       farbss       000000
__Hfardata                      fardata      000000
__Hheap                         heap         000000
__Hibigdata                     ibigdata     000000
__Hidata                        idata        000000
__HidataBANK0                   idataBANK0   000000
__Hidloc                        idloc        200008
__Hifardata                     ifardata     000000
__Hinit                         init         000004
__Hintcode                      intcode      000000
__Hintcode_body                 intcode_body 000000
__Hintcodelo                    intcodelo    000000
__Hintentry                     intentry     000000
__Hintret                       intret       000000
__Hintsave_regs                 intsave_regs 000000
__Hirdata                       irdata       000000
__Hmediumconst                  mediumconst  000000
__HnvBANK0                      nvBANK0      000000
__HnvFARRAM                     nvFARRAM     000000
__Hnvbit                        nvbit        000000
__Hnvrram                       nvrram       000000
__Hparam                        rparam       000000
__Hpowerup                      powerup      000000
__Hram                          ram          000000
__Hramtop                       ramtop       000800
__Hrbit                         rbit         000000
__Hrbss                         rbss         000000
__Hrdata                        rdata        000000
__Hreset_vec                    reset_vec    000000
__Hrparam                       rparam       000000
__Hsfr                          sfr          000000
__Hsmallconst                   smallconst   000812
__Hspace_0                      (abs)        001CFF
__Hspace_1                      (abs)        0005E1
__Hspace_2                      (abs)        000000
__Hspace_4                      (abs)        60000E
__Hstack                        stack        000000
__Hstruct                       struct       000000
__Htemp                         temp         000000
__Htext                         text         000000
__Htext0                        text0        000000
__Htext1                        text1        000000
__Htext10                       text10       000000
__Htext11                       text11       000000
__Htext12                       text12       000000
__Htext13                       text13       000000
__Htext14                       text14       000000
__Htext15                       text15       000000
__Htext16                       text16       000000
__Htext17                       text17       000000
__Htext18                       text18       000000
__Htext19                       text19       000000
__Htext2                        text2        000000
__Htext20                       text20       000000
__Htext21                       text21       000000
__Htext22                       text22       000000
__Htext23                       text23       000000
__Htext24                       text24       000000
__Htext25                       text25       000000
__Htext26                       text26       000000
__Htext27                       text27       000000
__Htext28                       text28       000000
__Htext29                       text29       000000
__Htext3                        text3        000000
__Htext30                       text30       000000
__Htext31                       text31       000000
__Htext32                       text32       000000
__Htext33                       text33       000000
__Htext34                       text34       000000
__Htext35                       text35       000000
__Htext36                       text36       000000
__Htext37                       text37       000000
__Htext38                       text38       000000
__Htext39                       text39       000000
__Htext4                        text4        000000
__Htext40                       text40       000000
__Htext5                        text5        000000
__Htext6                        text6        000000
__Htext7                        text7        000000
__Htext8                        text8        000000
__Htext9                        text9        000000
__LRAM                          (abs)        000001
__Labs1                         abs1         000000
__Lbank0                        bank0        000000
__Lbank1                        bank1        000000
__Lbank2                        bank2        000000
__Lbank3                        bank3        000000
__Lbank4                        bank4        000000
__Lbank5                        bank5        000000
__Lbank6                        bank6        000000
__Lbank7                        bank7        000000
__Lbigbss                       bigbss       000000
__Lbigdata                      bigdata      000000
__Lbigram                       bigram       000000
__Lbigsfr                       bigsfr       000000
__LbitbssBANK0                  bitbssBANK0  000000
__Lbss                          bss          000000
__LbssBANK0                     bssBANK0     000000
__Lcinit                        cinit        000000
__Lclrtext                      clrtext      000000
__Lcomram                       comram       000000
__Lconfig                       config       000000
__Lconst                        const        000000
__LcstackBANK0                  cstackBANK0  000000
__LcstackCOMRAM                 cstackCOMRAM 000000
__Ldata                         data         000000
__LdataBANK0                    dataBANK0    000000
__Leeprom_data                  eeprom_data  000000
__Lfarbss                       farbss       000000
__Lfardata                      fardata      000000
__Lheap                         heap         000000
__Libigdata                     ibigdata     000000
__Lidata                        idata        000000
__LidataBANK0                   idataBANK0   000000
__Lidloc                        idloc        000000
__Lifardata                     ifardata     000000
__Linit                         init         000000
__Lintcode                      intcode      000000
__Lintcode_body                 intcode_body 000000
__Lintcodelo                    intcodelo    000000
__Lintentry                     intentry     000000
__Lintret                       intret       000000
__Lintsave_regs                 intsave_regs 000000
__Lirdata                       irdata       000000
__Lmediumconst                  mediumconst  000000
__LnvBANK0                      nvBANK0      000000
__LnvFARRAM                     nvFARRAM     000000
__Lnvbit                        nvbit        000000
__Lnvrram                       nvrram       000000
__Lparam                        rparam       000000
__Lpowerup                      powerup      000000
__Lram                          ram          000000
__Lramtop                       ramtop       000800
__Lrbit                         rbit         000000
__Lrbss                         rbss         000000
__Lrdata                        rdata        000000
__Lreset_vec                    reset_vec    000000
__Lrparam                       rparam       000000
__Lsfr                          sfr          000000
__Lsmallconst                   smallconst   000800
__Lspace_0                      (abs)        000000
__Lspace_1                      (abs)        000000
__Lspace_2                      (abs)        000000
__Lspace_4                      (abs)        000000
__Lstack                        stack        000000
__Lstruct                       struct       000000
__Ltemp                         temp         000000
__Ltext                         text         000000
__Ltext0                        text0        000000
__Ltext1                        text1        000000
__Ltext10                       text10       000000
__Ltext11                       text11       000000
__Ltext12                       text12       000000
__Ltext13                       text13       000000
__Ltext14                       text14       000000
__Ltext15                       text15       000000
__Ltext16                       text16       000000
__Ltext17                       text17       000000
__Ltext18                       text18       000000
__Ltext19                       text19       000000
__Ltext2                        text2        000000
__Ltext20                       text20       000000
__Ltext21                       text21       000000
__Ltext22                       text22       000000
__Ltext23                       text23       000000
__Ltext24                       text24       000000
__Ltext25                       text25       000000
__Ltext26                       text26       000000
__Ltext27                       text27       000000
__Ltext28                       text28       000000
__Ltext29                       text29       000000
__Ltext3                        text3        000000
__Ltext30                       text30       000000
__Ltext31                       text31       000000
__Ltext32                       text32       000000
__Ltext33                       text33       000000
__Ltext34                       text34       000000
__Ltext35                       text35       000000
__Ltext36                       text36       000000
__Ltext37                       text37       000000
__Ltext38                       text38       000000
__Ltext39                       text39       000000
__Ltext4                        text4        000000
__Ltext40                       text40       000000
__Ltext5                        text5        000000
__Ltext6                        text6        000000
__Ltext7                        text7        000000
__Ltext8                        text8        000000
__Ltext9                        text9        000000
__S0                            (abs)        001CFF
__S1                            (abs)        0000BE
__S4                            (abs)        000000
__S5                            (abs)        000000
___heap_hi                      (abs)        000000
___heap_lo                      (abs)        000000
___inthi_sp                     stack        000000
___intlo_sp                     stack        000000
___lldiv                        text40       0014FE
___lldiv@counter                cstackCOMRAM 00000D
___lldiv@dividend               cstackCOMRAM 000001
___lldiv@divisor                cstackCOMRAM 000005
___lldiv@quotient               cstackCOMRAM 000009
___param_bank                   (abs)        000000
___rparam_used                  (abs)        000001
___sp                           stack        000000
__accesstop                     (abs)        000060
__activetblptr                  (abs)        000002
__end_of_Expander_Write         text35       001CA6
__end_of_I2CLCD_Init            text39       001916
__end_of_I2CLCD_Start           text38       001C88
__end_of_I2CLCD_Stop            text37       001C60
__end_of_I2CLCD_Write           text36       001BE6
__end_of_LCD_Begin              text32       00114C
__end_of_LCD_Cmd                text33       0019B4
__end_of_LCD_Goto               text31       001740
__end_of_LCD_Print              text30       00144A
__end_of_LCD_Write_Nibble       text34       001B58
__end_of_MFRC522_AntennaOff     text22       001CF6
__end_of_MFRC522_AntennaOn      text21       001CEA
__end_of_MFRC522_AntiColl       text16       0014FE
__end_of_MFRC522_CRC            text25       001642
__end_of_MFRC522_Clear_Bit      text27       001CC0
__end_of_MFRC522_Halt           text23       0018BE
__end_of_MFRC522_Init           text19       001866
__end_of_MFRC522_IsCard         text17       001C38
__end_of_MFRC522_Rd             text29       001394
__end_of_MFRC522_ReadCardSerial text15       001B20
__end_of_MFRC522_Request        text18       0017A8
__end_of_MFRC522_Reset          text20       001C10
__end_of_MFRC522_Set_Bit        text26       001CD8
__end_of_MFRC522_ToCard         text24       000D44
__end_of_MFRC522_Wr             text28       0016D6
__end_of___lldiv                text40       0015A2
__end_of__initialization        cinit        001BB0
__end_of_fputc                  text10       001216
__end_of_fputs                  text9        001A3C
__end_of_isalpha                text13       001A78
__end_of_islower                text6        001AB0
__end_of_isupper                text12       001AE8
__end_of_main                   text0        00105E
__end_of_pad                    text7        0012DC
__end_of_port_Init              text14       001CFC
__end_of_putch                  text11       001CFE
__end_of_sprintf                text1        001968
__end_of_strlen                 text8        001B8E
__end_of_toupper                text5        0019F8
__end_of_vfpfcnvrt              text3        000F14
__end_of_vfprintf               text2        00180A
__end_of_xtoa                   text4        000AB6
__initialization                cinit        001B8E
__mediumconst                   mediumconst  000000
__pbitbssBANK0                  bitbssBANK0  0005E0
__pbssBANK0                     bssBANK0     000060
__pcinit                        cinit        001B8E
__pcstackBANK0                  cstackBANK0  0000AB
__pcstackCOMRAM                 cstackCOMRAM 000001
__pdataBANK0                    dataBANK0    0000BD
__pidataBANK0                   idataBANK0   001CFE
__pnvBANK0                      nvBANK0      0000BB
__psmallconst                   smallconst   000800
__ptext0                        text0        000F14
__ptext1                        text1        001916
__ptext10                       text10       00114C
__ptext11                       text11       001CFC
__ptext12                       text12       001AB0
__ptext13                       text13       001A3C
__ptext14                       text14       001CF6
__ptext15                       text15       001AE8
__ptext16                       text16       00144A
__ptext17                       text17       001C10
__ptext18                       text18       001740
__ptext19                       text19       00180A
__ptext2                        text2        0017A8
__ptext20                       text20       001BE6
__ptext21                       text21       001CD8
__ptext22                       text22       001CEA
__ptext23                       text23       001866
__ptext24                       text24       000AB6
__ptext25                       text25       0015A2
__ptext26                       text26       001CC0
__ptext27                       text27       001CA6
__ptext28                       text28       001642
__ptext29                       text29       0012DC
__ptext3                        text3        000D44
__ptext30                       text30       001394
__ptext31                       text31       0016D6
__ptext32                       text32       00105E
__ptext33                       text33       001968
__ptext34                       text34       001B20
__ptext35                       text35       001C88
__ptext36                       text36       001BBA
__ptext37                       text37       001C38
__ptext38                       text38       001C60
__ptext39                       text39       0018BE
__ptext4                        text4        000812
__ptext40                       text40       0014FE
__ptext5                        text5        0019B4
__ptext6                        text6        001A78
__ptext7                        text7        001216
__ptext8                        text8        001B58
__ptext9                        text9        0019F8
__ramtop                        ramtop       000800
__smallconst                    smallconst   000800
_backlight_val                  dataBANK0    0000BD
_data_buffer                    bssBANK0     00009A
_dbuf                           bssBANK0     00006A
_flags                          bssBANK0     000066
_fputc                          text10       00114C
_fputs                          text9        0019F8
_i2c_addr                       nvBANK0      0000BB
_isalpha                        text13       001A3C
_islower                        text6        001A78
_isupper                        text12       001AB0
_led                            bssBANK0     000068
_main                           text0        000F14
_nout                           bssBANK0     000060
_pad                            text7        001216
_port_Init                      text14       001CF6
_prec                           bssBANK0     000064
_putch                          text11       001CFC
_sprintf                        text1        001916
_strlen                         text8        001B58
_toupper                        text5        0019B4
_vfpfcnvrt                      text3        000D44
_vfprintf                       text2        0017A8
_width                          bssBANK0     000062
_xtoa                           text4        000812
end_of_initialization           cinit        001BB0
fputc@c                         cstackCOMRAM 000001
fputc@fp                        cstackCOMRAM 000003
fputs@c                         cstackCOMRAM 00000E
fputs@fp                        cstackCOMRAM 00000C
fputs@i                         cstackCOMRAM 00000F
fputs@s                         cstackCOMRAM 00000A
intlevel0                       text         000000
intlevel1                       text         000000
intlevel2                       text         000000
intlevel3                       text         000000
isa$std                         (abs)        000001
isa$xinst                       (abs)        000000
isalpha@c                       cstackCOMRAM 000001
islower@c                       cstackCOMRAM 000001
isupper@c                       cstackCOMRAM 000001
main@i                          cstackBANK0  0000BA
pad@buf                         cstackCOMRAM 000013
pad@fp                          cstackCOMRAM 000011
pad@i                           cstackCOMRAM 000018
pad@p                           cstackCOMRAM 000015
pad@w                           cstackCOMRAM 00001A
sprintf@ap                      cstackBANK0  0000AB
sprintf@f                       cstackBANK0  0000AD
sprintf@fmt                     cstackCOMRAM 00005C
sprintf@s                       cstackCOMRAM 00005A
stackhi                         (abs)        000000
stacklo                         (abs)        000000
start                           init         000000
start_initialization            cinit        001B8E
strlen@a                        cstackCOMRAM 000003
strlen@s                        cstackCOMRAM 000001
toupper@c                       cstackCOMRAM 000007
vfpfcnvrt@ap                    cstackCOMRAM 000043
vfpfcnvrt@c                     cstackCOMRAM 000051
vfpfcnvrt@fmt                   cstackCOMRAM 000041
vfpfcnvrt@fp                    cstackCOMRAM 00003F
vfpfcnvrt@llu                   cstackCOMRAM 000049
vfprintf@ap                     cstackCOMRAM 000056
vfprintf@cfmt                   cstackCOMRAM 000058
vfprintf@fmt                    cstackCOMRAM 000054
vfprintf@fp                     cstackCOMRAM 000052
xtoa@c                          cstackCOMRAM 00003D
xtoa@d                          cstackCOMRAM 00001E
xtoa@fp                         cstackCOMRAM 00001C
xtoa@i                          cstackCOMRAM 00003B
xtoa@n                          cstackCOMRAM 000033
xtoa@p                          cstackCOMRAM 00002F
xtoa@w                          cstackCOMRAM 000031
xtoa@x                          cstackCOMRAM 000026


MODULE INFORMATION

Module		Function		Class		Link	Load	Size
D:\Program Files\Microchip\xc8\v2.36\pic\sources\c99\common\strlen.c
		_strlen        		CODE           	1B58	0000	54

D:\Program Files\Microchip\xc8\v2.36\pic\sources\c99\common\strlen.c estimated size: 54

D:\Program Files\Microchip\xc8\v2.36\pic\sources\c99\common\islower.c
		_islower       		CODE           	1A78	0000	56

D:\Program Files\Microchip\xc8\v2.36\pic\sources\c99\common\islower.c estimated size: 56

D:\Program Files\Microchip\xc8\v2.36\pic\sources\c99\common\nf_fputc.c
		_fputc         		CODE           	114C	0000	202

D:\Program Files\Microchip\xc8\v2.36\pic\sources\c99\common\nf_fputc.c estimated size: 202

D:\Program Files\Microchip\xc8\v2.36\pic\sources\c99\common\toupper.c
		_toupper       		CODE           	19B4	0000	68

D:\Program Files\Microchip\xc8\v2.36\pic\sources\c99\common\toupper.c estimated size: 68

D:\Program Files\Microchip\xc8\v2.36\pic\sources\c99\common\isalpha.c
		_isalpha       		CODE           	1A3C	0000	60

D:\Program Files\Microchip\xc8\v2.36\pic\sources\c99\common\isalpha.c estimated size: 60

D:\Program Files\Microchip\xc8\v2.36\pic\sources\c99\common\putch.c
		_putch         		CODE           	1CFC	0000	2

D:\Program Files\Microchip\xc8\v2.36\pic\sources\c99\common\putch.c estimated size: 2

D:\Program Files\Microchip\xc8\v2.36\pic\sources\c99\common\doprnt.c
		_vfpfcnvrt     		CODE           	0D44	0000	464
		_pad           		CODE           	1216	0000	198
		_vfprintf      		CODE           	17A8	0000	98
		_xtoa          		CODE           	0812	0000	676

D:\Program Files\Microchip\xc8\v2.36\pic\sources\c99\common\doprnt.c estimated size: 1436

I2C.c
		_LCD_Cmd       		CODE           	1968	0000	76
		_LCD_Begin     		CODE           	105E	0000	238
		_LCD_Goto      		CODE           	16D6	0000	106
		_Expander_Write		CODE           	1C88	0000	30
		_LCD_Print     		CODE           	1394	0000	182
		_I2CLCD_Init   		CODE           	18BE	0000	88
		_I2CLCD_Stop   		CODE           	1C38	0000	40
		_I2CLCD_Write  		CODE           	1BBA	0000	44
		_I2CLCD_Start  		CODE           	1C60	0000	40
		_LCD_Write_Nibble		CODE           	1B20	0000	56

I2C.c estimated size: 900

rc522.c
		_MFRC522_Request		CODE           	1740	0000	104
		_MFRC522_ReadCardSerial		CODE           	1AE8	0000	56
		_MFRC522_Rd    		CODE           	12DC	0000	184
		_MFRC522_Wr    		CODE           	1642	0000	148
		_MFRC522_CRC   		CODE           	15A2	0000	160
		_MFRC522_Halt  		CODE           	1866	0000	88
		_MFRC522_Init  		CODE           	180A	0000	92
		_MFRC522_AntiColl		CODE           	144A	0000	180
		_MFRC522_Reset 		CODE           	1BE6	0000	42
		_MFRC522_AntennaOn		CODE           	1CD8	0000	18
		_MFRC522_Clear_Bit		CODE           	1CA6	0000	26
		_MFRC522_AntennaOff		CODE           	1CEA	0000	12
		_MFRC522_IsCard		CODE           	1C10	0000	40
		_MFRC522_ToCard		CODE           	0AB6	0000	654
		_MFRC522_Set_Bit		CODE           	1CC0	0000	24

rc522.c estimated size: 1828

D:\Program Files\Microchip\xc8\v2.36\pic\sources\c99\common\__lldiv.c
		___lldiv       		CODE           	14FE	0000	164

D:\Program Files\Microchip\xc8\v2.36\pic\sources\c99\common\__lldiv.c estimated size: 164

shared
		__initialization		CODE           	1B8E	0000	34

shared estimated size: 34

D:\Program Files\Microchip\xc8\v2.36\pic\sources\c99\common\nf_fputs.c
		_fputs         		CODE           	19F8	0000	68

D:\Program Files\Microchip\xc8\v2.36\pic\sources\c99\common\nf_fputs.c estimated size: 68

main.c
		_main          		CODE           	0F14	0000	330
		_port_Init     		CODE           	1CF6	0000	6

main.c estimated size: 336

D:\Program Files\Microchip\xc8\v2.36\pic\sources\c99\common\nf_sprintf.c
		_sprintf       		CODE           	1916	0000	82

D:\Program Files\Microchip\xc8\v2.36\pic\sources\c99\common\nf_sprintf.c estimated size: 82

D:\Program Files\Microchip\xc8\v2.36\pic\sources\c99\common\isupper.c
		_isupper       		CODE           	1AB0	0000	56

D:\Program Files\Microchip\xc8\v2.36\pic\sources\c99\common\isupper.c estimated size: 56

